../Core/Inc/mpu.h:23:6:MPU6050_Init	32	static
../Core/Inc/mpu.h:32:6:MPU6050_Read_Accel	40	static
../Core/Inc/mpu.h:54:6:MPU6050_Read_Gyro	40	static
../Core/Src/main.c:82:5:main	8	static
../Core/Src/main.c:130:6:SystemClock_Config	88	static
../Core/Src/main.c:178:13:MX_I2C1_Init	8	static
../Core/Src/main.c:212:13:MX_USART2_UART_Init	8	static
../Core/Src/main.c:245:13:MX_GPIO_Init	48	static
../Core/Src/main.c:280:5:__io_putchar	16	static
../Core/Src/main.c:287:6:fill_mpu_buffer	16	static
../Core/Src/main.c:306:6:ComputeGyroGradients	16	static
../Core/Src/main.c:329:6:Log	16	static
../Core/Src/main.c:362:6:Error_Handler	4	static,ignoring_inline_asm
